{
  "type": "minecraft:crafting_shapeless",
  "ingredients": [
    {
      "item": "minecraft:golden_pickaxe"
    },
    {
      "item": "minecraft:golden_shovel"
    }
  ],
  "result": {
    "item": "epicwasteoftime:golden_spadaxe"
  }
}