{
  "type": "minecraft:crafting_shapeless",
  "ingredients": [
    {
      "item": "minecraft:golden_axe"
    },
    {
      "item": "minecraft:golden_hoe"
    }
  ],
  "result": {
    "item": "epicwasteoftime:golden_mattock"
  }
}