{
  "type": "minecraft:crafting_shaped",
  "pattern": [
    "X",
    "T"
  ],
  "key": {
    "X": {
      "tag": "forge:ingots/gold"
    },
    "T": {
      "item": "minecraft:golden_pickaxe"
    }
  },
  "result": {
    "item": "epicwasteoftime:golden_spadaxe"
  }
}