{
  "type": "minecraft:crafting_shaped",
  "pattern": [
    "XXX",
    " T "
  ],
  "key": {
    "X": {
      "tag": "forge:ingots/gold"
    },
    "T": {
      "item": "minecraft:golden_shovel"
    }
  },
  "result": {
    "item": "epicwasteoftime:golden_spadaxe"
  }
}