{
  "type": "minecraft:crafting_shaped",
  "pattern": [
    "XX",
    " T"
  ],
  "key": {
    "X": {
      "tag": "forge:ingots/gold"
    },
    "T": {
      "item": "minecraft:golden_axe"
    }
  },
  "result": {
    "item": "epicwasteoftime:golden_mattock"
  }
}