{
  "parent": "minecraft:recipes/root",
  "rewards": {
    "recipes": [
      "epicwasteoftime:tools/golden/golden_spadaxe_from_pickaxe"
    ]
  },
  "criteria": {
    "has_gold_ingot": {
      "trigger": "minecraft:inventory_changed",
      "conditions": {
        "items": [
          {
            "tag": "forge:ingots/gold"
          }
        ]
      }
    },
    "has_the_recipe": {
      "trigger": "minecraft:recipe_unlocked",
      "conditions": {
        "recipe": "epicwasteoftime:tools/golden/golden_spadaxe_from_pickaxe"
      }
    }
  },
  "requirements": [
    [
      "has_gold_ingot",
      "has_the_recipe"
    ]
  ]
}